// Jest Snapshot v1, https://goo.gl/fbAQLP

exports[`basic renders correctly 1`] = `
<div>
  <div
    title="hello"
  >
    <p>
      Hello 
      World
      !
    </p>
    !!
  </div>
</div>
`;
